<html>
<body>
<pre>
<h1>µVision Build Log</h1>
<h2>Tool Versions:</h2>
IDE-Version: µVision V5.28.0.0
Copyright (C) 2019 ARM Ltd and ARM Germany GmbH. All rights reserved.
License Information: aa a, a, LIC=WHYII-T7JYC-TGC7T-RTJPC-QB6KW-SPE2B
 
Tool Versions:
Toolchain:       MDK-ARM Plus  Version: 5.28.0.0
Toolchain Path:  C:\Keil_v5\ARM\ARMCC\Bin
C Compiler:      Armcc.exe V5.06 update 6 (build 750)
Assembler:       Armasm.exe V5.06 update 6 (build 750)
Linker/Locator:  ArmLink.exe V5.06 update 6 (build 750)
Library Manager: ArmAr.exe V5.06 update 6 (build 750)
Hex Converter:   FromElf.exe V5.06 update 6 (build 750)
CPU DLL:         SARMCM3.DLL V5.28.0.0
Dialog DLL:      DCM.DLL V1.17.3.0
Target DLL:      UL2CM3.DLL V1.162.16.0
Dialog DLL:      TCM.DLL V1.36.2.0
 
<h2>Project:</h2>
D:\STM32\Exercise\I2C\I2CMater\I2CMater.uvprojx
Project File Date:  06/20/2023

<h2>Output:</h2>
*** Using Compiler 'V5.06 update 6 (build 750)', folder: 'C:\Keil_v5\ARM\ARMCC\Bin'
Rebuild target 'Target 1'
assembling startup_stm32f10x_md.s...
compiling system_stm32f10x.c...
compiling misc.c...
compiling delay.c...
.\Header\delay.h(14): warning:  #1295-D: Deprecated declaration TIM2_INT_Init - give arg types
  void TIM2_INT_Init();
.\Header\delay.h(19): warning:  #1-D: last line of file ends without a newline
  #endif
Source\delay.c(89): warning:  #1-D: last line of file ends without a newline
  }
Source\delay.c: 3 warnings, 0 errors
compiling main.c...
.\Header\Dio.h(66): warning:  #1-D: last line of file ends without a newline
  #endif
.\Header\delay.h(14): warning:  #1295-D: Deprecated declaration TIM2_INT_Init - give arg types
  void TIM2_INT_Init();
.\Header\delay.h(19): warning:  #1-D: last line of file ends without a newline
  #endif
.\Header\I2CMater.h(30): warning:  #1295-D: Deprecated declaration receiveData - give arg types
  uint8_t receiveData();							
.\Header\I2CMater.h(31): warning:  #1295-D: Deprecated declaration endCondition - give arg types
  void endCondition();											
.\Header\I2CMater.h(33): warning:  #1295-D: Deprecated declaration I2C - give arg types
  void I2C();											
.\Header\I2CMater.h(34): warning:  #1295-D: Deprecated declaration checkACK - give arg types
  uint8_t checkACK();											
.\Header\I2CMater.h(35): warning:  #1295-D: Deprecated declaration startCondition - give arg types
  void startCondition();
.\Header\I2CMater.h(37): warning:  #1295-D: Deprecated declaration setStatus - give arg types
  void setStatus();
.\Header\I2CMater.h(38): warning:  #1295-D: Deprecated declaration SCLClock - give arg types
  void SCLClock();
.\Header\I2CMater.h(39): warning:  #1295-D: Deprecated declaration transmitBitWrite - give arg types
  void transmitBitWrite();
.\Header\I2CMater.h(42): warning:  #1-D: last line of file ends without a newline
  #endif
Source\main.c(16): warning:  #1295-D: Deprecated declaration config - give arg types
  void config();
Source\main.c: 13 warnings, 0 errors
compiling I2CMater.c...
.\Header\Dio.h(66): warning:  #1-D: last line of file ends without a newline
  #endif
.\Header\delay.h(14): warning:  #1295-D: Deprecated declaration TIM2_INT_Init - give arg types
  void TIM2_INT_Init();
.\Header\delay.h(19): warning:  #1-D: last line of file ends without a newline
  #endif
.\Header\I2CMater.h(30): warning:  #1295-D: Deprecated declaration receiveData - give arg types
  uint8_t receiveData();							
.\Header\I2CMater.h(31): warning:  #1295-D: Deprecated declaration endCondition - give arg types
  void endCondition();											
.\Header\I2CMater.h(33): warning:  #1295-D: Deprecated declaration I2C - give arg types
  void I2C();											
.\Header\I2CMater.h(34): warning:  #1295-D: Deprecated declaration checkACK - give arg types
  uint8_t checkACK();											
.\Header\I2CMater.h(35): warning:  #1295-D: Deprecated declaration startCondition - give arg types
  void startCondition();
.\Header\I2CMater.h(37): warning:  #1295-D: Deprecated declaration setStatus - give arg types
  void setStatus();
.\Header\I2CMater.h(38): warning:  #1295-D: Deprecated declaration SCLClock - give arg types
  void SCLClock();
.\Header\I2CMater.h(39): warning:  #1295-D: Deprecated declaration transmitBitWrite - give arg types
  void transmitBitWrite();
.\Header\I2CMater.h(42): warning:  #1-D: last line of file ends without a newline
  #endif
Source\I2CMater.c(235): warning:  #1-D: last line of file ends without a newline
  }
Source\I2CMater.c: 13 warnings, 0 errors
compiling Dio.c...
.\Header\Dio.h(66): warning:  #1-D: last line of file ends without a newline
  #endif
Source\Dio.c(326): warning:  #1-D: last line of file ends without a newline
  }
Source\Dio.c: 2 warnings, 0 errors
compiling stm32f10x_gpio.c...
compiling stm32f10x_rcc.c...
compiling stm32f10x_tim.c...
linking...
Program Size: Code=2764 RO-data=268 RW-data=8 ZI-data=1632  
".\Objects\spi.axf" - 0 Error(s), 31 Warning(s).

<h2>Software Packages used:</h2>

Package Vendor: ARM
                http://www.keil.com/pack/ARM.CMSIS.5.9.0.pack
                ARM.CMSIS.5.9.0
                CMSIS (Common Microcontroller Software Interface Standard)
   * Component: CORE Version: 5.6.0

Package Vendor: Keil
                https://www.keil.com/pack/Keil.STM32F1xx_DFP.2.4.1.pack
                Keil.STM32F1xx_DFP.2.4.1
                STMicroelectronics STM32F1 Series Device Support, Drivers and Examples
   * Component: Startup Version: 1.0.0
   * Component: Framework Version: 3.6.0
   * Component: GPIO Version: 3.6.0
   * Component: RCC Version: 3.6.0
   * Component: TIM Version: 3.6.0

<h2>Collection of Component include folders:</h2>
  .\RTE\Device\STM32F103C8
  .\RTE\_Target_1
  C:\Users\MSI\AppData\Local\Arm\Packs\ARM\CMSIS\5.9.0\CMSIS\Core\Include
  C:\Users\MSI\AppData\Local\Arm\Packs\Keil\STM32F1xx_DFP\2.4.1\Device\Include
  C:\Users\MSI\AppData\Local\Arm\Packs\Keil\STM32F1xx_DFP\2.4.1\Device\StdPeriph_Driver\inc

<h2>Collection of Component Files used:</h2>

   * Component: ARM::CMSIS:CORE:5.6.0

   * Component: Keil::Device:Startup:1.0.0
      Source file:   Device\Source\system_stm32f10x.c
      Source file:   Device\Source\ARM\startup_stm32f10x_md.s
      Source file:   Device\Source\ARM\STM32F1xx_OPT.s
      Include file:  RTE_Driver\Config\RTE_Device.h

   * Component: Keil::Device:StdPeriph Drivers:Framework:3.6.0
      Source file:   Device\StdPeriph_Driver\templates\stm32f10x_conf.h
      Include file:  Device\StdPeriph_Driver\templates\stm32f10x_it.h
      Source file:   Device\StdPeriph_Driver\templates\stm32f10x_it.c
      Source file:   Device\StdPeriph_Driver\src\misc.c
      Include file:  Device\StdPeriph_Driver\inc\misc.h

   * Component: Keil::Device:StdPeriph Drivers:GPIO:3.6.0
      Include file:  Device\StdPeriph_Driver\inc\stm32f10x_gpio.h
      Source file:   Device\StdPeriph_Driver\src\stm32f10x_gpio.c

   * Component: Keil::Device:StdPeriph Drivers:RCC:3.6.0
      Include file:  Device\StdPeriph_Driver\inc\stm32f10x_rcc.h
      Source file:   Device\StdPeriph_Driver\src\stm32f10x_rcc.c

   * Component: Keil::Device:StdPeriph Drivers:TIM:3.6.0
      Include file:  Device\StdPeriph_Driver\inc\stm32f10x_tim.h
      Source file:   Device\StdPeriph_Driver\src\stm32f10x_tim.c
Build Time Elapsed:  00:00:01
</pre>
</body>
</html>
